// Jest Snapshot v1, https://goo.gl/fbAQLP

exports[`should render ClientsList 1`] = `
<List
  className="clients-list"
  selection={true}
/>
`;
